1
  *** K1.8 B.S. VI->VO 1.8GeV/c (Design) FF+ Focus with Eff. Len. 091124 ***    




 ****  INPUT DATA  ****


     TYPE NAME    1           2           3           4           5           6           7           8           9          10
 
   0 BEAM       1.0000E+00  3.0000E+00
 
   1 XSET
 
   2 YSET
 
   3 DRFT       2.7200E-01
+        (L1 )
 
   4 MPLM       9.5600E-01  1.5932E+00  0.0000E+00  0.0000E+00  1.0000E-01  0.0000E+00
+        (Q10)
 
   5 DRFT       2.4200E-01
+        (L2 )
 
   6 MPLM       6.6000E-01 -1.2210E+00  0.0000E+00  0.0000E+00  1.0000E-01  0.0000E+00
+        (Q11)
 
   7 DRFT       4.7000E-01
+        (L3 )
 
   8 DEFM       4.0000E+00  6.4000E+01  0.0000E+00  0.0000E+00  0.0000E+00  2.3500E+01  0.0000E+00  0.0000E+00 0.0000E+00 0.0000E+00
+        (D4 )
 
                0.0000E+00  9.5000E-02  7.0000E+00  0.0000E+00  0.0000E+00  0.0000E+00  0.0000E+00
 
   9 DRFT       4.7000E-01
+        (L4 )
 
  10 MPLM       6.6000E-01  1.3081E+00  0.0000E+00  0.0000E+00  1.0000E-01  0.0000E+00
+        (Q12)
 
  11 DRFT       2.4000E-01
+        (L5 )
 
  12 MPLM       6.6000E-01 -1.0914E+00  0.0000E+00  0.0000E+00  1.0000E-01  0.0000E+00
+        (Q13)
 
  13 DRFT       2.7000E-01
+        (L6 )
 

   DREP  V = 0   M =  0   C = 0   O = 0

1 *** K1.8 B.S. VI->VO 1.8GeV/c (Design) FF+ Focus with Eff. Len. 091124 ***    


 SYSTEM  EXIT

 NORMAL TRANSFER MATRIX

                  X           A           T           XX          XA          XT          AA          AT          TT          YY 
     X           -0.48469     0.01422     1.60565    -2.14184     2.50151    -7.74357    -0.72619     5.31150     1.56500    -0.58071
     A            3.08054    -2.15357    -0.12800    -2.64772     3.29013    -9.11729    -0.99026     0.91583     1.96784    -0.77365
                  YB          BB          XXX         XXA         XXT         XAA         XAT         XTT         XYY         XYB
     X           -1.04351    -0.52856   175.08815  -327.39398  -209.54535   203.76865   264.39429   112.73216     5.15701    -9.83668
     A           -1.64639    -0.67808   163.38739  -298.53839  -188.32048   189.69447   239.60568   103.81631    18.65809    19.35345
                  XBB         AAA         AAT         ATT         AYY         AYB         ABB         TTT         TYY         TYB
     X           80.11417   -42.61721   -83.23836   -57.84769    -6.89141    -0.99957   -53.25501   -18.78534     2.10566    12.33798
     A           88.13473   -36.66189   -76.21068   -51.04476    20.90853    49.05695   -20.16670   -17.92191     1.43365    13.60427
                  TBB
     X          -31.69876
     A          -31.53487
                  Y           B           YX          YA          YT          BX          BA          BT 
     Y           -0.68135     2.86734    15.61339    -9.02428    14.82102    14.72548    -8.36783    18.92469
     B           -0.20063    -0.62338    -1.94243     1.14234    -1.73173    -1.77457     0.98516    -0.69984
1




 ****  ILLEGAL KEY WORD (    )  ****




       CURRENT CONTENTS OF READ-BUFFER ARE ;

       <<<<                                                                                >>>>.




 ****  UNEXPECTED END OF DATA  ****
