1
  *** K1.8 B.S. VI->VO 1.8GeV/c (Design) FF+ Focus with Eff. Len. 091124 ***    




 ****  INPUT DATA  ****


     TYPE NAME    1           2           3           4           5           6           7           8           9          10
 
   0 BEAM       1.0000E+00  3.0000E+00
 
   1 XSET
 
   2 YSET
 
   3 DRFT       2.7200E-01
+        (L1 )
 
   4 MPLM       9.5600E-01  1.5904E+00  0.0000E+00  0.0000E+00  1.0000E-01  0.0000E+00
+        (Q10)
 
   5 DRFT       2.4200E-01
+        (L2 )
 
   6 MPLM       6.6000E-01 -1.2188E+00  0.0000E+00  0.0000E+00  1.0000E-01  0.0000E+00
+        (Q11)
 
   7 DRFT       4.7000E-01
+        (L3 )
 
   8 DEFM       4.0000E+00  6.4000E+01  0.0000E+00  0.0000E+00  0.0000E+00  2.3500E+01  0.0000E+00  0.0000E+00 0.0000E+00 0.0000E+00
+        (D4 )
 
                0.0000E+00  9.5000E-02  7.0000E+00  0.0000E+00  0.0000E+00  0.0000E+00  0.0000E+00
 
   9 DRFT       4.7000E-01
+        (L4 )
 
  10 MPLM       6.6000E-01  1.3046E+00  0.0000E+00  0.0000E+00  1.0000E-01  0.0000E+00
+        (Q12)
 
  11 DRFT       2.4000E-01
+        (L5 )
 
  12 MPLM       6.6000E-01 -1.0904E+00  0.0000E+00  0.0000E+00  1.0000E-01  0.0000E+00
+        (Q13)
 
  13 DRFT       2.7000E-01
+        (L6 )
 

   DREP  V = 0   M =  0   C = 0   O = 0

1 *** K1.8 B.S. VI->VO 1.8GeV/c (Design) FF+ Focus with Eff. Len. 091124 ***    


 SYSTEM  EXIT

 NORMAL TRANSFER MATRIX

                  X           A           T           XX          XA          XT          AA          AT          TT          YY 
     X           -0.50679     0.02849     1.61558    -2.12534     2.49142    -7.67747    -0.72608     5.32529     1.54619    -0.57625
     A            3.05226    -2.14477    -0.11973    -2.62866     3.27980    -9.04867    -0.99122     0.92780     1.94950    -0.76998
                  YB          BB          XXX         XXA         XXT         XAA         XAT         XTT         XYY         XYB
     X           -1.03459    -0.52593   172.76715  -324.46783  -207.43205   202.77519   262.83051   111.97439     4.89604    -9.06846
     A           -1.63631    -0.67247   161.18135  -295.72443  -186.39214   188.69070   238.14607   103.12835    18.41801    20.00208
                  XBB         AAA         AAT         ATT         AYY         AYB         ABB         TTT         TYY         TYB
     X           80.69031   -42.60868   -83.09288   -57.73811    -6.96005    -1.86488   -54.05293   -18.70058     2.14759    11.87598
     A           88.71271   -36.63548   -76.06306   -50.95410    20.69679    48.04676   -21.02659   -17.84562     1.49522    13.16623
                  TBB
     X          -32.12509
     A          -31.99891
                  Y           B           YX          YA          YT          BX          BA          BT 
     Y           -0.65906     2.89066    15.52038    -9.00737    14.73753    14.64188    -8.35395    18.85402
     B           -0.20307    -0.62666    -1.93330     1.14144    -1.71438    -1.76649     0.98417    -0.68448
1




 ****  ILLEGAL KEY WORD (    )  ****




       CURRENT CONTENTS OF READ-BUFFER ARE ;

       <<<<                                                                                >>>>.




 ****  UNEXPECTED END OF DATA  ****
