1
  *** K1.8 B.S. VI->VO 1.8GeV/c (Design) FF+ Focus with Eff. Len. 091124 ***    




 ****  INPUT DATA  ****


     TYPE NAME    1           2           3           4           5           6           7           8           9          10
 
   0 BEAM       1.0000E+00  3.0000E+00
 
   1 XSET
 
   2 YSET
 
   3 DRFT       2.7200E-01
+        (L1 )
 
   4 MPLM       9.5600E-01  1.5242E+00  0.0000E+00  0.0000E+00  1.0000E-01  0.0000E+00
+        (Q10)
 
   5 DRFT       2.4200E-01
+        (L2 )
 
   6 MPLM       6.6000E-01 -1.1741E+00  0.0000E+00  0.0000E+00  1.0000E-01  0.0000E+00
+        (Q11)
 
   7 DRFT       4.7000E-01
+        (L3 )
 
   8 DEFM       4.0000E+00  6.4000E+01  0.0000E+00  0.0000E+00  0.0000E+00  2.3500E+01  0.0000E+00  0.0000E+00 0.0000E+00 0.0000E+00
+        (D4 )
 
                0.0000E+00  9.5000E-02  7.0000E+00  0.0000E+00  0.0000E+00  0.0000E+00  0.0000E+00
 
   9 DRFT       4.7000E-01
+        (L4 )
 
  10 MPLM       6.6000E-01  1.2570E+00  0.0000E+00  0.0000E+00  1.0000E-01  0.0000E+00
+        (Q12)
 
  11 DRFT       2.4000E-01
+        (L5 )
 
  12 MPLM       6.6000E-01 -1.0436E+00  0.0000E+00  0.0000E+00  1.0000E-01  0.0000E+00
+        (Q13)
 
  13 DRFT       2.7000E-01
+        (L6 )
 

   DREP  V = 0   M =  0   C = 0   O = 0

1 *** K1.8 B.S. VI->VO 1.8GeV/c (Design) FF+ Focus with Eff. Len. 091124 ***    


 SYSTEM  EXIT

 NORMAL TRANSFER MATRIX

                  X           A           T           XX          XA          XT          AA          AT          TT          YY 
     X           -0.74596     0.21051     1.72539    -1.81217     2.33260    -6.64340    -0.74826     5.53785     1.31511    -0.49769
     A            2.66527    -2.09269    -0.05120    -2.24931     3.10309    -7.96815    -1.03632     1.09970     1.74284    -0.69712
                  YB          BB          XXX         XXA         XXT         XAA         XAT         XTT         XYY         XYB
     X           -0.89202    -0.48736   132.18512  -275.23883  -169.82541   189.98282   237.96353    98.46410     2.07859     5.71637
     A           -1.45577    -0.56571   122.52866  -248.10146  -151.43835   175.10310   213.96878    90.18689    15.54237    32.63541
                  XBB         AAA         AAT         ATT         AYY         AYB         ABB         TTT         TYY         TYB
     X           90.95140   -44.39473   -83.17694   -56.70295    -7.61584   -15.81247   -68.97530   -17.39467     2.25343     3.07171
     A           97.79505   -37.85967   -75.56954   -49.72811    17.22363    30.69543   -36.47520   -16.54275     1.91717     4.48581
                  TBB
     X          -40.33875
     A          -40.32264
                  Y           B           YX          YA          YT          BX          BA          BT 
     Y           -0.27099     3.39017    13.88970    -8.89264    13.35085    13.19084    -8.28867    17.74288
     B           -0.24573    -0.61597    -1.46105     0.95063    -1.13127    -1.33234     0.80450    -0.10541
1




 ****  ILLEGAL KEY WORD (    )  ****




       CURRENT CONTENTS OF READ-BUFFER ARE ;

       <<<<                                                                                >>>>.




 ****  UNEXPECTED END OF DATA  ****
