1
  *** K1.8 B.S. VI->VO 1.8GeV/c (Design) FF+ Focus with Eff. Len. 091124 ***    




 ****  INPUT DATA  ****


     TYPE NAME    1           2           3           4           5           6           7           8           9          10
 
   0 BEAM       1.0000E+00  3.0000E+00
 
   1 XSET
 
   2 YSET
 
   3 DRFT       2.7200E-01
+        (L1 )
 
   4 MPLM       9.5600E-01  1.5950E+00  0.0000E+00  0.0000E+00  1.0000E-01  0.0000E+00
+        (Q10)
 
   5 DRFT       2.4200E-01
+        (L2 )
 
   6 MPLM       6.6000E-01 -1.2392E+00  0.0000E+00  0.0000E+00  1.0000E-01  0.0000E+00
+        (Q11)
 
   7 DRFT       4.7000E-01
+        (L3 )
 
   8 DEFM       4.0000E+00  6.4000E+01  0.0000E+00  0.0000E+00  0.0000E+00  2.3500E+01  0.0000E+00  0.0000E+00 0.0000E+00 0.0000E+00
+        (D4 )
 
                0.0000E+00  9.5000E-02  7.0000E+00  0.0000E+00  0.0000E+00  0.0000E+00  0.0000E+00
 
   9 DRFT       4.7000E-01
+        (L4 )
 
  10 MPLM       6.6000E-01  1.3106E+00  0.0000E+00  0.0000E+00  1.0000E-01  0.0000E+00
+        (Q12)
 
  11 DRFT       2.4000E-01
+        (L5 )
 
  12 MPLM       6.6000E-01 -1.0987E+00  0.0000E+00  0.0000E+00  1.0000E-01  0.0000E+00
+        (Q13)
 
  13 DRFT       2.7000E-01
+        (L6 )
 

   DREP  V = 0   M =  0   C = 0   O = 0

1 *** K1.8 B.S. VI->VO 1.8GeV/c (Design) FF+ Focus with Eff. Len. 091124 ***    


 SYSTEM  EXIT

 NORMAL TRANSFER MATRIX

                  X           A           T           XX          XA          XT          AA          AT          TT          YY 
     X           -0.47752     0.01268     1.60350    -2.16498     2.54945    -7.79942    -0.74630     5.37235     1.57379    -0.59828
     A            3.09571    -2.17633    -0.12553    -2.67614     3.34874    -9.20827    -1.01598     0.96296     1.97338    -0.77287
                  YB          BB          XXX         XXA         XXT         XAA         XAT         XTT         XYY         XYB
     X           -1.06795    -0.53421   178.17796  -335.49805  -212.34644   210.28802   269.83212   113.80669     7.79435   -21.11786
     A           -1.67766    -0.71182   166.44077  -306.32907  -191.06741   195.92567   244.80569   104.97962    20.73759     8.67467
                  XBB         AAA         AAT         ATT         AYY         AYB         ABB         TTT         TYY         TYB
     X           66.41660   -44.27577   -85.55600   -58.86514    -8.56991     6.04603   -45.07930   -18.87898     1.12273    17.57463
     A           75.75127   -38.20571   -78.40931   -52.03222    20.20439    56.68114   -12.40766   -18.03377     0.14733    18.68487
                  TBB
     X          -25.41174
     A          -25.20248
                  Y           B           YX          YA          YT          BX          BA          BT 
     Y           -0.98481     2.54231    15.80520    -9.22231    15.23635    14.91821    -8.56360    19.25539
     B           -0.16212    -0.59690    -2.03690     1.21181    -1.98262    -1.86545     1.05163    -0.94679
1




 ****  ILLEGAL KEY WORD (    )  ****




       CURRENT CONTENTS OF READ-BUFFER ARE ;

       <<<<                                                                                >>>>.




 ****  UNEXPECTED END OF DATA  ****
