1
  *** K1.8 B.S. VI->VO 1.8GeV/c (Design) FF+ Focus with Eff. Len. 091124 ***    




 ****  INPUT DATA  ****


     TYPE NAME    1           2           3           4           5           6           7           8           9          10
 
   0 BEAM       1.0000E+00  3.0000E+00
 
   1 XSET
 
   2 YSET
 
   3 DRFT       2.7200E-01
+        (L1 )
 
   4 MPLM       9.5600E-01  1.5818E+00  0.0000E+00  0.0000E+00  1.0000E-01  0.0000E+00
+        (Q10)
 
   5 DRFT       2.4200E-01
+        (L2 )
 
   6 MPLM       6.6000E-01 -1.2128E+00  0.0000E+00  0.0000E+00  1.0000E-01  0.0000E+00
+        (Q11)
 
   7 DRFT       4.7000E-01
+        (L3 )
 
   8 DEFM       4.0000E+00  6.4000E+01  0.0000E+00  0.0000E+00  0.0000E+00  2.3500E+01  0.0000E+00  0.0000E+00 0.0000E+00 0.0000E+00
+        (D4 )
 
                0.0000E+00  9.5000E-02  7.0000E+00  0.0000E+00  0.0000E+00  0.0000E+00  0.0000E+00
 
   9 DRFT       4.7000E-01
+        (L4 )
 
  10 MPLM       6.6000E-01  1.2987E+00  0.0000E+00  0.0000E+00  1.0000E-01  0.0000E+00
+        (Q12)
 
  11 DRFT       2.4000E-01
+        (L5 )
 
  12 MPLM       6.6000E-01 -1.0844E+00  0.0000E+00  0.0000E+00  1.0000E-01  0.0000E+00
+        (Q13)
 
  13 DRFT       2.7000E-01
+        (L6 )
 

   DREP  V = 0   M =  0   C = 0   O = 0

1 *** K1.8 B.S. VI->VO 1.8GeV/c (Design) FF+ Focus with Eff. Len. 091124 ***    


 SYSTEM  EXIT

 NORMAL TRANSFER MATRIX

                  X           A           T           XX          XA          XT          AA          AT          TT          YY 
     X           -0.53841     0.05051     1.62928    -2.08292     2.47125    -7.54164    -0.72913     5.35381     1.51716    -0.56561
     A            3.00134    -2.13890    -0.11117    -2.57730     3.25731    -8.90564    -0.99709     0.95149     1.92329    -0.76067
                  YB          BB          XXX         XXA         XXT         XAA         XAT         XTT         XYY         XYB
     X           -1.01507    -0.52005   167.03731  -317.86169  -202.27618   201.19038   259.61523   110.18253     4.36065    -6.95782
     A           -1.61261    -0.65812   155.69733  -289.29245  -181.57478   186.98254   234.99336   101.40170    17.90813    21.83800
                  XBB         AAA         AAT         ATT         AYY         AYB         ABB         TTT         TYY         TYB
     X           82.39161   -42.85395   -83.13654   -57.62412    -6.96449    -3.69815   -56.10420   -18.53444     2.22902    10.69577
     A           90.22853   -36.80900   -76.02679   -50.81173    20.29584    45.74126   -23.14212   -17.67825     1.62719    12.01093
                  TBB
     X          -33.30512
     A          -33.19224
                  Y           B           YX          YA          YT          BX          BA          BT 
     Y           -0.60331     2.96057    15.30195    -8.99273    14.55022    14.44800    -8.34566    18.70539
     B           -0.21005    -0.62676    -1.86681     1.11595    -1.63051    -1.70551     0.96031    -0.60187
1




 ****  ILLEGAL KEY WORD (    )  ****




       CURRENT CONTENTS OF READ-BUFFER ARE ;

       <<<<                                                                                >>>>.




 ****  UNEXPECTED END OF DATA  ****
