1
  *** K1.8 B.S. VI->VO 1.8GeV/c (Design) FF+ Focus with Eff. Len. 091124 ***    




 ****  INPUT DATA  ****


     TYPE NAME    1           2           3           4           5           6           7           8           9          10
 
   0 BEAM       1.0000E+00  3.0000E+00
 
   1 XSET
 
   2 YSET
 
   3 DRFT       2.7200E-01
+        (L1 )
 
   4 MPLM       9.5600E-01  1.5945E+00  0.0000E+00  0.0000E+00  1.0000E-01  0.0000E+00
+        (Q10)
 
   5 DRFT       2.4200E-01
+        (L2 )
 
   6 MPLM       6.6000E-01 -1.2215E+00  0.0000E+00  0.0000E+00  1.0000E-01  0.0000E+00
+        (Q11)
 
   7 DRFT       4.7000E-01
+        (L3 )
 
   8 DEFM       4.0000E+00  6.4000E+01  0.0000E+00  0.0000E+00  0.0000E+00  2.3500E+01  0.0000E+00  0.0000E+00 0.0000E+00 0.0000E+00
+        (D4 )
 
                0.0000E+00  9.5000E-02  7.0000E+00  0.0000E+00  0.0000E+00  0.0000E+00  0.0000E+00
 
   9 DRFT       4.7000E-01
+        (L4 )
 
  10 MPLM       6.6000E-01  1.2843E+00  0.0000E+00  0.0000E+00  1.0000E-01  0.0000E+00
+        (Q12)
 
  11 DRFT       2.4000E-01
+        (L5 )
 
  12 MPLM       6.6000E-01 -1.0762E+00  0.0000E+00  0.0000E+00  1.0000E-01  0.0000E+00
+        (Q13)
 
  13 DRFT       2.7000E-01
+        (L6 )
 

   DREP  V = 0   M =  0   C = 0   O = 0

1 *** K1.8 B.S. VI->VO 1.8GeV/c (Design) FF+ Focus with Eff. Len. 091124 ***    


 SYSTEM  EXIT

 NORMAL TRANSFER MATRIX

                  X           A           T           XX          XA          XT          AA          AT          TT          YY 
     X           -0.63342     0.10630     1.66714    -2.10833     2.44859    -7.44183    -0.70779     5.33628     1.44254    -0.56878
     A            2.96451    -2.07622    -0.08247    -2.61629     3.23988    -8.81819    -0.97233     0.89831     1.85284    -0.76255
                  YB          BB          XXX         XXA         XXT         XAA         XAT         XTT         XYY         XYB
     X           -1.01102    -0.51851   169.11011  -315.72919  -202.75677   195.84167   255.26607   109.43675     4.49629   -10.48192
     A           -1.61756    -0.66902   157.31854  -286.61670  -181.77650   181.62630   230.79385   100.66400    18.13371    18.70683
                  XBB         AAA         AAT         ATT         AYY         AYB         ABB         TTT         TYY         TYB
     X           76.20734   -40.99435   -80.17248   -56.08833    -7.99385    -3.49158   -52.29943   -18.16621     2.13069    12.02541
     A           84.87314   -34.98183   -73.24564   -49.38240    20.06695    47.22851   -19.32039   -17.33134     1.43923    13.31900
                  TBB
     X          -30.31034
     A          -30.17563
                  Y           B           YX          YA          YT          BX          BA          BT 
     Y           -0.68534     2.84012    15.54610    -8.96553    14.76022    14.66114    -8.31394    18.84165
     B           -0.20496    -0.60974    -1.86830     1.09724    -1.65419    -1.70415     0.94306    -0.64198
1




 ****  ILLEGAL KEY WORD (    )  ****




       CURRENT CONTENTS OF READ-BUFFER ARE ;

       <<<<                                                                                >>>>.




 ****  UNEXPECTED END OF DATA  ****
