1
  *** K1.8 B.S. VI->VO 1.8GeV/c (Design) FF+ Focus with Eff. Len. 091124 ***    




 ****  INPUT DATA  ****


     TYPE NAME    1           2           3           4           5           6           7           8           9          10
 
   0 BEAM       1.0000E+00  3.0000E+00
 
   1 XSET
 
   2 YSET
 
   3 DRFT       2.7200E-01
+        (L1 )
 
   4 MPLM       9.5600E-01  1.5986E+00  0.0000E+00  0.0000E+00  1.0000E-01  0.0000E+00
+        (Q10)
 
   5 DRFT       2.4200E-01
+        (L2 )
 
   6 MPLM       6.6000E-01 -1.2257E+00  0.0000E+00  0.0000E+00  1.0000E-01  0.0000E+00
+        (Q11)
 
   7 DRFT       4.7000E-01
+        (L3 )
 
   8 DEFM       4.0000E+00  6.4000E+01  0.0000E+00  0.0000E+00  0.0000E+00  2.3500E+01  0.0000E+00  0.0000E+00 0.0000E+00 0.0000E+00
+        (D4 )
 
                0.0000E+00  9.5000E-02  7.0000E+00  0.0000E+00  0.0000E+00  0.0000E+00  0.0000E+00
 
   9 DRFT       4.7000E-01
+        (L4 )
 
  10 MPLM       6.6000E-01  1.3124E+00  0.0000E+00  0.0000E+00  1.0000E-01  0.0000E+00
+        (Q12)
 
  11 DRFT       2.4000E-01
+        (L5 )
 
  12 MPLM       6.6000E-01 -1.0959E+00  0.0000E+00  0.0000E+00  1.0000E-01  0.0000E+00
+        (Q13)
 
  13 DRFT       2.7000E-01
+        (L6 )
 

   DREP  V = 0   M =  0   C = 0   O = 0

1 *** K1.8 B.S. VI->VO 1.8GeV/c (Design) FF+ Focus with Eff. Len. 091124 ***    


 SYSTEM  EXIT

 NORMAL TRANSFER MATRIX

                  X           A           T           XX          XA          XT          AA          AT          TT          YY 
     X           -0.46109    -0.00129     1.59574    -2.17052     2.51773    -7.83808    -0.72578     5.29637     1.58609    -0.58859
     A            3.11578    -2.16006    -0.13417    -2.68223     3.30831    -9.21840    -0.98844     0.90381     1.98693    -0.77961
                  YB          BB          XXX         XXA         XXT         XAA         XAT         XTT         XYY         XYB
     X           -1.05786    -0.53292   179.05215  -332.25098  -213.11143   205.27521   266.89426   113.98524     5.67152   -11.82541
     A           -1.66356    -0.68916   167.20186  -303.28619  -191.67067   191.27040   242.05341   105.03259    19.11631    17.57265
                  XBB         AAA         AAT         ATT         AYY         AYB         ABB         TTT         TYY         TYB
     X           78.29958   -42.59010   -83.40235   -58.01070    -6.95930     0.60342   -51.53019   -18.90696     1.99273    13.38545
     A           86.50309   -36.67429   -76.41673   -51.22234    21.13824    50.97007   -18.42587   -18.04500     1.27210    14.62528
                  TBB
     X          -30.62453
     A          -30.45004
                  Y           B           YX          YA          YT          BX          BA          BT 
     Y           -0.73351     2.80587    15.76210    -9.04545    14.96270    14.85870    -8.38483    19.03771
     B           -0.19382    -0.62190    -1.99142     1.16303    -1.80072    -1.81975     1.00457    -0.76721
1




 ****  ILLEGAL KEY WORD (    )  ****




       CURRENT CONTENTS OF READ-BUFFER ARE ;

       <<<<                                                                                >>>>.




 ****  UNEXPECTED END OF DATA  ****
