1
  *** K1.8 B.S. VI->VO 1.8GeV/c (Design) FF+ Focus with Eff. Len. 091124 ***    




 ****  INPUT DATA  ****


     TYPE NAME    1           2           3           4           5           6           7           8           9          10
 
   0 BEAM       1.0000E+00  3.0000E+00
 
   1 XSET
 
   2 YSET
 
   3 DRFT       2.7200E-01
+        (L1 )
 
   4 MPLM       9.5600E-01  1.5867E+00  0.0000E+00  0.0000E+00  1.0000E-01  0.0000E+00
+        (Q10)
 
   5 DRFT       2.4200E-01
+        (L2 )
 
   6 MPLM       6.6000E-01 -1.2165E+00  0.0000E+00  0.0000E+00  1.0000E-01  0.0000E+00
+        (Q11)
 
   7 DRFT       4.7000E-01
+        (L3 )
 
   8 DEFM       4.0000E+00  6.4000E+01  0.0000E+00  0.0000E+00  0.0000E+00  2.3500E+01  0.0000E+00  0.0000E+00 0.0000E+00 0.0000E+00
+        (D4 )
 
                0.0000E+00  9.5000E-02  7.0000E+00  0.0000E+00  0.0000E+00  0.0000E+00  0.0000E+00
 
   9 DRFT       4.7000E-01
+        (L4 )
 
  10 MPLM       6.6000E-01  1.3026E+00  0.0000E+00  0.0000E+00  1.0000E-01  0.0000E+00
+        (Q12)
 
  11 DRFT       2.4000E-01
+        (L5 )
 
  12 MPLM       6.6000E-01 -1.0877E+00  0.0000E+00  0.0000E+00  1.0000E-01  0.0000E+00
+        (Q13)
 
  13 DRFT       2.7000E-01
+        (L6 )
 

   DREP  V = 0   M =  0   C = 0   O = 0

1 *** K1.8 B.S. VI->VO 1.8GeV/c (Design) FF+ Focus with Eff. Len. 091124 ***    


 SYSTEM  EXIT

 NORMAL TRANSFER MATRIX

                  X           A           T           XX          XA          XT          AA          AT          TT          YY 
     X           -0.51637     0.03548     1.61962    -2.10794     2.48472    -7.62660    -0.72821     5.33753     1.53702    -0.57220
     A            3.03410    -2.14507    -0.11777    -2.60729     3.27211    -8.99522    -0.99463     0.93802     1.94159    -0.76617
                  YB          BB          XXX         XXA         XXT         XAA         XAT         XTT         XYY         XYB
     X           -1.02727    -0.52363   170.43565  -321.97681  -205.35930   202.37759   261.71176   111.27170     4.70568    -8.37742
     A           -1.62734    -0.66708   158.94748  -293.28793  -184.44418   188.22487   237.02319   102.44065    18.22915    20.59538
                  XBB         AAA         AAT         ATT         AYY         AYB         ABB         TTT         TYY         TYB
     X           81.22450   -42.78107   -83.21800   -57.73795    -6.94973    -2.43863   -54.77903   -18.64175     2.17397    11.48556
     A           89.16615   -36.77310   -76.14316   -50.93205    20.54881    47.26457   -21.77658   -17.78377     1.53885    12.78105
                  TBB
     X          -32.52986
     A          -32.39830
                  Y           B           YX          YA          YT          BX          BA          BT 
     Y           -0.64071     2.91599    15.43388    -9.00822    14.66879    14.56585    -8.35725    18.80106
     B           -0.20550    -0.62550    -1.90227     1.12954    -1.67896    -1.73804     0.97310    -0.64903
1




 ****  ILLEGAL KEY WORD (    )  ****




       CURRENT CONTENTS OF READ-BUFFER ARE ;

       <<<<                                                                                >>>>.




 ****  UNEXPECTED END OF DATA  ****
