1
  *** K1.8 B.S. VI->VO 1.8GeV/c (Design) FF+ Focus with Eff. Len. 091124 ***    




 ****  INPUT DATA  ****


     TYPE NAME    1           2           3           4           5           6           7           8           9          10
 
   0 BEAM       1.0000E+00  3.0000E+00
 
   1 XSET
 
   2 YSET
 
   3 DRFT       2.7200E-01
+        (L1 )
 
   4 MPLM       9.5600E-01  1.5739E+00  0.0000E+00  0.0000E+00  1.0000E-01  0.0000E+00
+        (Q10)
 
   5 DRFT       2.4200E-01
+        (L2 )
 
   6 MPLM       6.6000E-01 -1.2057E+00  0.0000E+00  0.0000E+00  1.0000E-01  0.0000E+00
+        (Q11)
 
   7 DRFT       4.7000E-01
+        (L3 )
 
   8 DEFM       4.0000E+00  6.4000E+01  0.0000E+00  0.0000E+00  0.0000E+00  2.3500E+01  0.0000E+00  0.0000E+00 0.0000E+00 0.0000E+00
+        (D4 )
 
                0.0000E+00  9.5000E-02  7.0000E+00  0.0000E+00  0.0000E+00  0.0000E+00  0.0000E+00
 
   9 DRFT       4.7000E-01
+        (L4 )
 
  10 MPLM       6.6000E-01  1.2896E+00  0.0000E+00  0.0000E+00  1.0000E-01  0.0000E+00
+        (Q12)
 
  11 DRFT       2.4000E-01
+        (L5 )
 
  12 MPLM       6.6000E-01 -1.0776E+00  0.0000E+00  0.0000E+00  1.0000E-01  0.0000E+00
+        (Q13)
 
  13 DRFT       2.7000E-01
+        (L6 )
 

   DREP  V = 0   M =  0   C = 0   O = 0

1 *** K1.8 B.S. VI->VO 1.8GeV/c (Design) FF+ Focus with Eff. Len. 091124 ***    


 SYSTEM  EXIT

 NORMAL TRANSFER MATRIX

                  X           A           T           XX          XA          XT          AA          AT          TT          YY 
     X           -0.58972     0.08507     1.65187    -2.03797     2.44136    -7.37036    -0.72762     5.37980     1.47139    -0.55278
     A            2.93482    -2.11907    -0.09520    -2.52431     3.22506    -8.72544    -0.99790     0.97005     1.88088    -0.75040
                  YB          BB          XXX         XXA         XXT         XAA         XAT         XTT         XYY         XYB
     X           -0.99098    -0.51338   160.87846  -309.66467  -196.52618   198.11829   255.03366   108.04848     3.71998    -3.98264
     A           -1.58360    -0.64070   149.78824  -281.31512  -176.21957   183.84131   230.59210    99.37259    17.32975    24.47057
                  XBB         AAA         AAT         ATT         AYY         AYB         ABB         TTT         TYY         TYB
     X           84.66367   -42.71724   -82.57088   -57.21327    -7.08044    -6.48544   -58.65821   -18.29447     2.31807     9.01975
     A           92.33700   -36.61587   -75.42862   -50.40948    19.77182    42.56556   -25.76119   -17.44560     1.78143    10.37313
                  TBB
     X          -34.80232
     A          -34.73876
                  Y           B           YX          YA          YT          BX          BA          BT 
     Y           -0.52631     3.04769    15.06693    -8.94838    14.32498    14.23616    -8.30842    18.51951
     B           -0.21941    -0.62949    -1.80282     1.08874    -1.53703    -1.64644     0.93456    -0.51248
1




 ****  ILLEGAL KEY WORD (    )  ****




       CURRENT CONTENTS OF READ-BUFFER ARE ;

       <<<<                                                                                >>>>.




 ****  UNEXPECTED END OF DATA  ****
