1
      ***  K6E336 LARGE ACCEPTANCE MODE   ***                                   




 ****  INPUT DATA  ****


     TYPE NAME    1           2           3           4           5           6           7           8           9          10
 
   0 BEAM       1.0000E+00  3.0000E+00
 
   1 XSET
 
   2 YSET
 
   3 DRFT       7.0000E-02
+        (L14)
 
   4 MPLM       6.6000E-01 -9.1898E-01  0.0000E+00  0.0000E+00  1.0000E-01  0.0000E+00
+        (Q7 )
 
   5 DRFT       2.4000E-01
+        (L15)
 
   6 MPLM       6.6000E-01  1.0146E+00  0.0000E+00  0.0000E+00  1.0000E-01  0.0000E+00
+        (Q8 )
 
   7 DRFT       4.9260E-01
+        (L16)
 
   8 DEFM       1.8991E+00  6.0000E+01  0.0000E+00  0.0000E+00  0.0000E+00 -4.3750E+00 -4.3750E+00  0.0000E+00 0.0000E+00 0.0000E+00
+        (D2 )
 
                0.0000E+00  1.0000E-01  7.0000E+00  0.0000E+00  0.0000E+00  0.0000E+00  0.0000E+00
 
   9 DRFT       4.9260E-01
+        (L17)
 
  10 MPLM       6.6000E-01 -1.5604E+00  0.0000E+00  0.0000E+00  1.0000E-01  0.0000E+00
+        (Q9 )
 
  11 DRFT       2.4500E-01
+        (L18)
 
  12 MPLM       1.0500E+00  1.3863E+00  0.0000E+00  0.0000E+00  1.0000E-01  0.0000E+00
+        (Q10)
 
  13 DRFT       8.0000E-02
+        (L19)
 

   DREP  V = 0   M =  0   C = 0   O = 0

1     ***  K6E336 LARGE ACCEPTANCE MODE   ***                                   


 SYSTEM  EXIT

 NORMAL TRANSFER MATRIX

                  X           A           T           XX          XA          XT          AA          AT          TT          YY 
     X           -1.59996     0.19851     2.96385    -0.79320    -1.25022     3.52233    -0.57465     5.69648    -1.78770    -0.06865
     A            1.13461    -0.76579    -2.57469     0.82046     1.44229    -6.01070     0.61723    -4.97972     6.75579     0.05245
                  YB          BB          XXX         XXA         XXT         XAA         XAT         XTT         XYY         XYB
     X            1.09922   -16.89014    -0.72248    -8.76279    -8.79005    -5.35593    12.04173    18.74706    -1.34594    -6.79749
     A           -1.13010    16.75359     6.81153     3.36133   -28.05259     8.36715     9.88746    63.23149     2.16348    -2.16685
                  XBB         AAA         AAT         ATT         AYY         AYB         ABB         TTT         TYY         TYB
     X           34.99411    -3.20853    -0.94608   -13.26925    -1.85219     5.70273   -92.22269   -14.98560     0.01260     1.48173
     A           72.65966     2.93681    -6.09469    -3.18588     1.66716    -1.28990    39.32685   -44.70446    -1.29720    20.13986
                  TBB
     X         -134.87857
     A         -124.87175
                  Y           B           YX          YA          YT          BX          BA          BT 
     Y           -0.42782     2.15616     0.21099     0.08287     0.32066    -5.25074    -6.80648    17.16178
     B           -0.38406    -0.40180     0.21877     0.27184    -0.31653    -6.01439    -7.55814    16.70047




 ****  UNEXPECTED END OF DATA  ****
