1
  *** K1.8 B.S. VI->VO 1.8GeV/c (Design) FF+ Focus with Eff. Len. 091124 ***    




 ****  INPUT DATA  ****


     TYPE NAME    1           2           3           4           5           6           7           8           9          10
 
   0 BEAM       1.0000E+00  3.0000E+00
 
   1 XSET
 
   2 YSET
 
   3 DRFT       2.7200E-01
+        (L1 )
 
   4 MPLM       9.5600E-01  1.5840E+00  0.0000E+00  0.0000E+00  1.0000E-01  0.0000E+00
+        (Q10)
 
   5 DRFT       2.4200E-01
+        (L2 )
 
   6 MPLM       6.6000E-01 -1.2135E+00  0.0000E+00  0.0000E+00  1.0000E-01  0.0000E+00
+        (Q11)
 
   7 DRFT       4.7000E-01
+        (L3 )
 
   8 DEFM       4.0000E+00  6.4000E+01  0.0000E+00  0.0000E+00  0.0000E+00  2.3500E+01  0.0000E+00  0.0000E+00 0.0000E+00 0.0000E+00
+        (D4 )
 
                0.0000E+00  9.5000E-02  7.0000E+00  0.0000E+00  0.0000E+00  0.0000E+00  0.0000E+00
 
   9 DRFT       4.7000E-01
+        (L4 )
 
  10 MPLM       6.6000E-01  1.2980E+00  0.0000E+00  0.0000E+00  1.0000E-01  0.0000E+00
+        (Q12)
 
  11 DRFT       2.4000E-01
+        (L5 )
 
  12 MPLM       6.6000E-01 -1.0846E+00  0.0000E+00  0.0000E+00  1.0000E-01  0.0000E+00
+        (Q13)
 
  13 DRFT       2.7000E-01
+        (L6 )
 

   DREP  V = 0   M =  0   C = 0   O = 0

1 *** K1.8 B.S. VI->VO 1.8GeV/c (Design) FF+ Focus with Eff. Len. 091124 ***    


 SYSTEM  EXIT

 NORMAL TRANSFER MATRIX

                  X           A           T           XX          XA          XT          AA          AT          TT          YY 
     X           -0.54418     0.05336     1.63161    -2.08984     2.46956    -7.54703    -0.72575     5.34619     1.51301    -0.56647
     A            3.00285    -2.13207    -0.10900    -2.58652     3.25603    -8.91146    -0.99277     0.94233     1.91909    -0.76204
                  YB          BB          XXX         XXA         XXT         XAA         XAT         XTT         XYY         XYB
     X           -1.01612    -0.52050   167.84651  -318.17059  -202.88509   200.59755   259.39517   110.30989     4.36013    -6.95829
     A           -1.61449    -0.65937   156.44212  -289.55746  -182.12848   186.42776   234.80548   101.52670    17.93365    21.86886
                  XBB         AAA         AAT         ATT         AYY         AYB         ABB         TTT         TYY         TYB
     X           82.28925   -42.56796   -82.74562   -57.45364    -7.01298    -3.82604   -55.89748   -18.51883     2.23658    10.69171
     A           90.17398   -36.54322   -75.67398   -50.66217    20.32851    45.76984   -22.91408   -17.66575     1.63311    12.00957
                  TBB
     X          -33.19287
     A          -33.08757
                  Y           B           YX          YA          YT          BX          BA          BT 
     Y           -0.60354     2.95523    15.34133    -8.98090    14.57154    14.48140    -8.33281    18.71876
     B           -0.21028    -0.62725    -1.87584     1.11697    -1.63641    -1.71345     0.96118    -0.60943
1




 ****  ILLEGAL KEY WORD (    )  ****




       CURRENT CONTENTS OF READ-BUFFER ARE ;

       <<<<                                                                                >>>>.




 ****  UNEXPECTED END OF DATA  ****
