1
  *** K1.8 B.S. VI->VO 1.8GeV/c (Design) FF+ Focus with Eff. Len. 091124 ***    




 ****  INPUT DATA  ****


     TYPE NAME    1           2           3           4           5           6           7           8           9          10
 
   0 BEAM       1.0000E+00  3.0000E+00
 
   1 XSET
 
   2 YSET
 
   3 DRFT       2.7200E-01
+        (L1 )
 
   4 MPLM       9.5600E-01  1.6058E+00  0.0000E+00  0.0000E+00  1.0000E-01  0.0000E+00
+        (Q10)
 
   5 DRFT       2.4200E-01
+        (L2 )
 
   6 MPLM       6.6000E-01 -1.2303E+00  0.0000E+00  0.0000E+00  1.0000E-01  0.0000E+00
+        (Q11)
 
   7 DRFT       4.7000E-01
+        (L3 )
 
   8 DEFM       4.0000E+00  6.4000E+01  0.0000E+00  0.0000E+00  0.0000E+00  2.3500E+01  0.0000E+00  0.0000E+00 0.0000E+00 0.0000E+00
+        (D4 )
 
                0.0000E+00  9.5000E-02  7.0000E+00  0.0000E+00  0.0000E+00  0.0000E+00  0.0000E+00
 
   9 DRFT       4.7000E-01
+        (L4 )
 
  10 MPLM       6.6000E-01  1.3167E+00  0.0000E+00  0.0000E+00  1.0000E-01  0.0000E+00
+        (Q12)
 
  11 DRFT       2.4000E-01
+        (L5 )
 
  12 MPLM       6.6000E-01 -1.0997E+00  0.0000E+00  0.0000E+00  1.0000E-01  0.0000E+00
+        (Q13)
 
  13 DRFT       2.7000E-01
+        (L6 )
 

   DREP  V = 0   M =  0   C = 0   O = 0

1 *** K1.8 B.S. VI->VO 1.8GeV/c (Design) FF+ Focus with Eff. Len. 091124 ***    


 SYSTEM  EXIT

 NORMAL TRANSFER MATRIX

                  X           A           T           XX          XA          XT          AA          AT          TT          YY 
     X           -0.43697    -0.01740     1.58538    -2.20577     2.53178    -7.94549    -0.72203     5.26940     1.60756    -0.59699
     A            3.15738    -2.16272    -0.14116    -2.72495     3.32388    -9.33135    -0.98215     0.87932     2.00675    -0.78702
                  YB          BB          XXX         XXA         XXT         XAA         XAT         XTT         XYY         XYB
     X           -1.07343    -0.53791   183.89255  -337.39102  -217.33704   206.16666   269.18280   115.38821     6.17123   -13.28458
     A           -1.68193    -0.70017   171.82097  -308.27194  -195.59857   192.26546   244.29231   106.37014    19.59155    16.32295
                  XBB         AAA         AAT         ATT         AYY         AYB         ABB         TTT         TYY         TYB
     X           76.99960   -42.27965   -83.19064   -58.00910    -6.99179     1.85206   -49.95784   -19.02492     1.89857    14.19424
     A           85.33555   -36.42268   -76.27410   -51.24157    21.44301    52.64584   -16.77565   -18.16216     1.13762    15.40604
                  TBB
     X          -29.72867
     A          -29.53721
                  Y           B           YX          YA          YT          BX          BA          BT 
     Y           -0.77458     2.75396    15.94797    -9.05278    15.11556    15.02287    -8.38678    19.15828
     B           -0.18867    -0.62023    -2.03866     1.17784    -1.85968    -1.86266     1.01839    -0.82522
1




 ****  ILLEGAL KEY WORD (    )  ****




       CURRENT CONTENTS OF READ-BUFFER ARE ;

       <<<<                                                                                >>>>.




 ****  UNEXPECTED END OF DATA  ****
