1
  *** K1.8 B.S. VI->VO 1.8GeV/c (Design) FF+ Focus with Eff. Len. 091124 ***    




 ****  INPUT DATA  ****


     TYPE NAME    1           2           3           4           5           6           7           8           9          10
 
   0 BEAM       1.0000E+00  3.0000E+00
 
   1 XSET
 
   2 YSET
 
   3 DRFT       2.7200E-01
+        (L1 )
 
   4 MPLM       9.5600E-01  1.5695E+00  0.0000E+00  0.0000E+00  1.0000E-01  0.0000E+00
+        (Q10)
 
   5 DRFT       2.4200E-01
+        (L2 )
 
   6 MPLM       6.6000E-01 -1.2028E+00  0.0000E+00  0.0000E+00  1.0000E-01  0.0000E+00
+        (Q11)
 
   7 DRFT       4.7000E-01
+        (L3 )
 
   8 DEFM       4.0000E+00  6.4000E+01  0.0000E+00  0.0000E+00  0.0000E+00  2.3500E+01  0.0000E+00  0.0000E+00 0.0000E+00 0.0000E+00
+        (D4 )
 
                0.0000E+00  9.5000E-02  7.0000E+00  0.0000E+00  0.0000E+00  0.0000E+00  0.0000E+00
 
   9 DRFT       4.7000E-01
+        (L4 )
 
  10 MPLM       6.6000E-01  1.2889E+00  0.0000E+00  0.0000E+00  1.0000E-01  0.0000E+00
+        (Q12)
 
  11 DRFT       2.4000E-01
+        (L5 )
 
  12 MPLM       6.6000E-01 -1.0755E+00  0.0000E+00  0.0000E+00  1.0000E-01  0.0000E+00
+        (Q13)
 
  13 DRFT       2.7000E-01
+        (L6 )
 

   DREP  V = 0   M =  0   C = 0   O = 0

1 *** K1.8 B.S. VI->VO 1.8GeV/c (Design) FF+ Focus with Eff. Len. 091124 ***    


 SYSTEM  EXIT

 NORMAL TRANSFER MATRIX

                  X           A           T           XX          XA          XT          AA          AT          TT          YY 
     X           -0.59078     0.08722     1.65256    -2.02033     2.43632    -7.33179    -0.73096     5.39118     1.46879    -0.54879
     A            2.92145    -2.12401    -0.09586    -2.50202     3.21853    -8.68338    -1.00262     0.98230     1.87926    -0.74670
                  YB          BB          XXX         XXA         XXT         XAA         XAT         XTT         XYY         XYB
     X           -0.98467    -0.51155   158.67520  -307.50845  -194.63144   198.07314   254.27763   107.45993     3.58121    -2.92593
     A           -1.57460    -0.63453   147.70708  -279.25778  -174.45784   183.74011   229.82504    98.79506    17.17967    25.38954
                  XBB         AAA         AAT         ATT         AYY         AYB         ABB         TTT         TYY         TYB
     X           85.73449   -42.99802   -82.88152   -57.31456    -7.00864    -7.15085   -59.71969   -18.26763     2.33124     8.47445
     A           93.25121   -36.86292   -75.68478   -50.48177    19.63694    41.62113   -26.83128   -17.41390     1.81708     9.83175
                  TBB
     X          -35.47218
     A          -35.40366
                  Y           B           YX          YA          YT          BX          BA          BT 
     Y           -0.50089     3.08312    14.96971    -8.94920    14.24368    14.15044    -8.31182    18.45856
     B           -0.22210    -0.62938    -1.77341     1.07793    -1.50085    -1.61957     0.92444    -0.47473
1




 ****  ILLEGAL KEY WORD (    )  ****




       CURRENT CONTENTS OF READ-BUFFER ARE ;

       <<<<                                                                                >>>>.




 ****  UNEXPECTED END OF DATA  ****
