1
  *** K1.8 B.S. VI->VO 1.8GeV/c (Design) FF+ Focus with Eff. Len. 091124 ***    




 ****  INPUT DATA  ****


     TYPE NAME    1           2           3           4           5           6           7           8           9          10
 
   0 BEAM       1.0000E+00  3.0000E+00
 
   1 XSET
 
   2 YSET
 
   3 DRFT       2.7200E-01
+        (L1 )
 
   4 MPLM       9.5600E-01  1.5818E+00  0.0000E+00  0.0000E+00  1.0000E-01  0.0000E+00
+        (Q10)
 
   5 DRFT       2.4200E-01
+        (L2 )
 
   6 MPLM       6.6000E-01 -1.2114E+00  0.0000E+00  0.0000E+00  1.0000E-01  0.0000E+00
+        (Q11)
 
   7 DRFT       4.7000E-01
+        (L3 )
 
   8 DEFM       4.0000E+00  6.4000E+01  0.0000E+00  0.0000E+00  0.0000E+00  2.3500E+01  0.0000E+00  0.0000E+00 0.0000E+00 0.0000E+00
+        (D4 )
 
                0.0000E+00  9.5000E-02  7.0000E+00  0.0000E+00  0.0000E+00  0.0000E+00  0.0000E+00
 
   9 DRFT       4.7000E-01
+        (L4 )
 
  10 MPLM       6.6000E-01  1.2972E+00  0.0000E+00  0.0000E+00  1.0000E-01  0.0000E+00
+        (Q12)
 
  11 DRFT       2.4000E-01
+        (L5 )
 
  12 MPLM       6.6000E-01 -1.0844E+00  0.0000E+00  0.0000E+00  1.0000E-01  0.0000E+00
+        (Q13)
 
  13 DRFT       2.7000E-01
+        (L6 )
 

   DREP  V = 0   M =  0   C = 0   O = 0

1 *** K1.8 B.S. VI->VO 1.8GeV/c (Design) FF+ Focus with Eff. Len. 091124 ***    


 SYSTEM  EXIT

 NORMAL TRANSFER MATRIX

                  X           A           T           XX          XA          XT          AA          AT          TT          YY 
     X           -0.54851     0.05650     1.63389    -2.07988     2.46481    -7.52108    -0.72644     5.35183     1.50876    -0.56368
     A            2.99161    -2.13127    -0.10704    -2.57435     3.25049    -8.88251    -0.99402     0.94989     1.91490    -0.76012
                  YB          BB          XXX         XXA         XXT         XAA         XAT         XTT         XYY         XYB
     X           -1.01160    -0.51931   166.56870  -316.71887  -201.80347   200.28334   258.78714   109.97581     4.20295    -5.94719
     A           -1.60830    -0.65491   155.24985  -288.20822  -181.15489   186.12180   234.24786   101.22331    17.79006    22.77051
                  XBB         AAA         AAT         ATT         AYY         AYB         ABB         TTT         TYY         TYB
     X           83.40904   -42.63426   -82.79944   -57.47122    -6.95751    -4.51688   -56.79864   -18.50046     2.26973    10.18779
     A           91.19781   -36.60326   -75.71992   -50.68349    20.24036    44.91871   -23.82904   -17.64965     1.68887    11.51930
                  TBB
     X          -33.80078
     A          -33.71841
                  Y           B           YX          YA          YT          BX          BA          BT 
     Y           -0.57852     2.98395    15.27646    -8.96839    14.50613    14.42281    -8.32206    18.66657
     B           -0.21285    -0.63069    -1.86902     1.11582    -1.61963    -1.70739     0.95997    -0.59256
1




 ****  ILLEGAL KEY WORD (    )  ****




       CURRENT CONTENTS OF READ-BUFFER ARE ;

       <<<<                                                                                >>>>.




 ****  UNEXPECTED END OF DATA  ****
