1
  *** K1.8 B.S. VI->VO 1.8GeV/c (Design) FF+ Focus with Eff. Len. 091124 ***    




 ****  INPUT DATA  ****


     TYPE NAME    1           2           3           4           5           6           7           8           9          10
 
   0 BEAM       1.0000E+00  3.0000E+00
 
   1 XSET
 
   2 YSET
 
   3 DRFT       2.7200E-01
+        (L1 )
 
   4 MPLM       9.5600E-01  1.5847E+00  0.0000E+00  0.0000E+00  1.0000E-01  0.0000E+00
+        (Q10)
 
   5 DRFT       2.4200E-01
+        (L2 )
 
   6 MPLM       6.6000E-01 -1.2157E+00  0.0000E+00  0.0000E+00  1.0000E-01  0.0000E+00
+        (Q11)
 
   7 DRFT       4.7000E-01
+        (L3 )
 
   8 DEFM       4.0000E+00  6.4000E+01  0.0000E+00  0.0000E+00  0.0000E+00  2.3500E+01  0.0000E+00  0.0000E+00 0.0000E+00 0.0000E+00
+        (D4 )
 
                0.0000E+00  9.5000E-02  7.0000E+00  0.0000E+00  0.0000E+00  0.0000E+00  0.0000E+00
 
   9 DRFT       4.7000E-01
+        (L4 )
 
  10 MPLM       6.6000E-01  1.3009E+00  0.0000E+00  0.0000E+00  1.0000E-01  0.0000E+00
+        (Q12)
 
  11 DRFT       2.4000E-01
+        (L5 )
 
  12 MPLM       6.6000E-01 -1.0735E+00  0.0000E+00  0.0000E+00  1.0000E-01  0.0000E+00
+        (Q13)
 
  13 DRFT       2.7000E-01
+        (L6 )
 

   DREP  V = 0   M =  0   C = 0   O = 0

1 *** K1.8 B.S. VI->VO 1.8GeV/c (Design) FF+ Focus with Eff. Len. 091124 ***    


 SYSTEM  EXIT

 NORMAL TRANSFER MATRIX

                  X           A           T           XX          XA          XT          AA          AT          TT          YY 
     X           -0.51156     0.03384     1.61383    -2.09557     2.47843    -7.59704    -0.72878     5.32835     1.53826    -0.56958
     A            3.04351    -2.15615    -0.13154    -2.59013     3.26268    -8.96383    -0.99527     0.91292     1.94927    -0.76270
                  YB          BB          XXX         XXA         XXT         XAA         XAT         XTT         XYY         XYB
     X           -1.02298    -0.52166   168.65509  -319.68073  -203.43646   201.61194   260.14938   110.41422     4.66078    -8.10500
     A           -1.62188    -0.66348   156.99916  -290.59286  -182.26733   187.16403   235.06923   101.35348    18.19599    20.94110
                  XBB         AAA         AAT         ATT         AYY         AYB         ABB         TTT         TYY         TYB
     X           80.59322   -42.75922   -83.00462   -57.45523    -6.88416    -2.50159   -54.50875   -18.53498     2.17038    11.32745
     A           88.29007   -36.66998   -75.78770   -50.49849    20.62443    47.20709   -21.30836   -17.63111     1.53566    12.55672
                  TBB
     X          -32.30739
     A          -31.97989
                  Y           B           YX          YA          YT          BX          BA          BT 
     Y           -0.63975     2.93572    15.45884    -9.05235    14.70670    14.59255    -8.39966    18.84585
     B           -0.20971    -0.60077    -1.76948     1.05532    -1.55027    -1.61342     0.90456    -0.51879
1




 ****  ILLEGAL KEY WORD (    )  ****




       CURRENT CONTENTS OF READ-BUFFER ARE ;

       <<<<                                                                                >>>>.




 ****  UNEXPECTED END OF DATA  ****
