1
  *** K1.8 B.S. VI->VO 1.8GeV/c (Design) FF+ Focus with Eff. Len. 091124 ***    




 ****  INPUT DATA  ****


     TYPE NAME    1           2           3           4           5           6           7           8           9          10
 
   0 BEAM       1.0000E+00  3.0000E+00
 
   1 XSET
 
   2 YSET
 
   3 DRFT       2.7200E-01
+        (L1 )
 
   4 MPLM       9.5600E-01  1.6027E+00  0.0000E+00  0.0000E+00  1.0000E-01  0.0000E+00
+        (Q10)
 
   5 DRFT       2.4200E-01
+        (L2 )
 
   6 MPLM       6.6000E-01 -1.2283E+00  0.0000E+00  0.0000E+00  1.0000E-01  0.0000E+00
+        (Q11)
 
   7 DRFT       4.7000E-01
+        (L3 )
 
   8 DEFM       4.0000E+00  6.4000E+01  0.0000E+00  0.0000E+00  0.0000E+00  2.3500E+01  0.0000E+00  0.0000E+00 0.0000E+00 0.0000E+00
+        (D4 )
 
                0.0000E+00  9.5000E-02  7.0000E+00  0.0000E+00  0.0000E+00  0.0000E+00  0.0000E+00
 
   9 DRFT       4.7000E-01
+        (L4 )
 
  10 MPLM       6.6000E-01  1.3148E+00  0.0000E+00  0.0000E+00  1.0000E-01  0.0000E+00
+        (Q12)
 
  11 DRFT       2.4000E-01
+        (L5 )
 
  12 MPLM       6.6000E-01 -1.0989E+00  0.0000E+00  0.0000E+00  1.0000E-01  0.0000E+00
+        (Q13)
 
  13 DRFT       2.7000E-01
+        (L6 )
 

   DREP  V = 0   M =  0   C = 0   O = 0

1 *** K1.8 B.S. VI->VO 1.8GeV/c (Design) FF+ Focus with Eff. Len. 091124 ***    


 SYSTEM  EXIT

 NORMAL TRANSFER MATRIX

                  X           A           T           XX          XA          XT          AA          AT          TT          YY 
     X           -0.44904    -0.00955     1.59080    -2.19075     2.52560    -7.89791    -0.72350     5.28213     1.59714    -0.59334
     A            3.13742    -2.16022    -0.13676    -2.70698     3.31726    -9.28143    -0.98474     0.89188     1.99666    -0.78393
                  YB          BB          XXX         XXA         XXT         XAA         XAT         XTT         XYY         XYB
     X           -1.06657    -0.53575   181.82407  -335.18579  -215.55032   205.76497   268.21286   114.80495     5.94115   -12.64444
     A           -1.67395    -0.69543   169.86354  -306.16403  -193.96529   191.83897   243.37572   105.83391    19.37424    16.86263
                  XBB         AAA         AAT         ATT         AYY         AYB         ABB         TTT         TYY         TYB
     X           77.62109   -42.40544   -83.27608   -58.01732    -6.98584     1.27665   -50.68065   -18.97624     1.94350    13.83796
     A           85.91682   -36.52809   -76.34000   -51.25216    21.29802    51.88406   -17.54670   -18.11739     1.20074    15.06867
                  TBB
     X          -30.14294
     A          -29.97237
                  Y           B           YX          YA          YT          BX          BA          BT 
     Y           -0.75586     2.77600    15.86263    -9.04558    15.04358    14.94709    -8.38214    19.10018
     B           -0.19069    -0.62267    -2.02700     1.17631    -1.84223    -1.85233     1.01691    -0.80843
1




 ****  ILLEGAL KEY WORD (    )  ****




       CURRENT CONTENTS OF READ-BUFFER ARE ;

       <<<<                                                                                >>>>.




 ****  UNEXPECTED END OF DATA  ****
