1
  *** K1.8 B.S. VI->VO 1.8GeV/c (Design) FF+ Focus with Eff. Len. 091124 ***    




 ****  INPUT DATA  ****


     TYPE NAME    1           2           3           4           5           6           7           8           9          10
 
   0 BEAM       1.0000E+00  3.0000E+00
 
   1 XSET
 
   2 YSET
 
   3 DRFT       2.7200E-01
+        (L1 )
 
   4 MPLM       9.5600E-01  1.5809E+00  0.0000E+00  0.0000E+00  1.0000E-01  0.0000E+00
+        (Q10)
 
   5 DRFT       2.4200E-01
+        (L2 )
 
   6 MPLM       6.6000E-01 -1.2121E+00  0.0000E+00  0.0000E+00  1.0000E-01  0.0000E+00
+        (Q11)
 
   7 DRFT       4.7000E-01
+        (L3 )
 
   8 DEFM       4.0000E+00  6.4000E+01  0.0000E+00  0.0000E+00  0.0000E+00  2.3500E+01  0.0000E+00  0.0000E+00 0.0000E+00 0.0000E+00
+        (D4 )
 
                0.0000E+00  9.5000E-02  7.0000E+00  0.0000E+00  0.0000E+00  0.0000E+00  0.0000E+00
 
   9 DRFT       4.7000E-01
+        (L4 )
 
  10 MPLM       6.6000E-01  1.2979E+00  0.0000E+00  0.0000E+00  1.0000E-01  0.0000E+00
+        (Q12)
 
  11 DRFT       2.4000E-01
+        (L5 )
 
  12 MPLM       6.6000E-01 -1.0837E+00  0.0000E+00  0.0000E+00  1.0000E-01  0.0000E+00
+        (Q13)
 
  13 DRFT       2.7000E-01
+        (L6 )
 

   DREP  V = 0   M =  0   C = 0   O = 0

1 *** K1.8 B.S. VI->VO 1.8GeV/c (Design) FF+ Focus with Eff. Len. 091124 ***    


 SYSTEM  EXIT

 NORMAL TRANSFER MATRIX

                  X           A           T           XX          XA          XT          AA          AT          TT          YY 
     X           -0.54277     0.05351     1.63121    -2.07798     2.46859    -7.52482    -0.72931     5.35704     1.51320    -0.56431
     A            2.99486    -2.13768    -0.10986    -2.57138     3.25439    -8.88793    -0.99758     0.95415     1.91965    -0.75957
                  YB          BB          XXX         XXA         XXT         XAA         XAT         XTT         XYY         XYB
     X           -1.01267    -0.51936   166.37013  -317.05090  -201.66888   200.95609   259.20093   109.96719     4.29590    -6.68140
     A           -1.60970    -0.65636   155.05957  -288.50565  -181.00993   186.73744   234.59254   101.19641    17.84745    22.07948
                  XBB         AAA         AAT         ATT         AYY         AYB         ABB         TTT         TYY         TYB
     X           82.61407   -42.86869   -83.12061   -57.60154    -6.96929    -3.94605   -56.36311   -18.51312     2.23848    10.54077
     A           90.43110   -36.81636   -76.00399   -50.78787    20.24457    45.44170   -23.40919   -17.65730     1.64303    11.85958
                  TBB
     X          -33.45555
     A          -33.34639
                  Y           B           YX          YA          YT          BX          BA          BT 
     Y           -0.59606     2.96925    15.27595    -8.98972    14.52695    14.42477    -8.34343    18.68660
     B           -0.21092    -0.62697    -1.85983     1.11328    -1.62105    -1.69912     0.95778    -0.59266
1




 ****  ILLEGAL KEY WORD (    )  ****




       CURRENT CONTENTS OF READ-BUFFER ARE ;

       <<<<                                                                                >>>>.




 ****  UNEXPECTED END OF DATA  ****
