1
  *** K1.8 B.S. VI->VO 1.8GeV/c (Design) FF+ Focus with Eff. Len. 091124 ***    




 ****  INPUT DATA  ****


     TYPE NAME    1           2           3           4           5           6           7           8           9          10
 
   0 BEAM       1.0000E+00  3.0000E+00
 
   1 XSET
 
   2 YSET
 
   3 DRFT       2.7200E-01
+        (L1 )
 
   4 MPLM       9.5600E-01  1.5902E+00  0.0000E+00  0.0000E+00  1.0000E-01  0.0000E+00
+        (Q10)
 
   5 DRFT       2.4200E-01
+        (L2 )
 
   6 MPLM       6.6000E-01 -1.2355E+00  0.0000E+00  0.0000E+00  1.0000E-01  0.0000E+00
+        (Q11)
 
   7 DRFT       4.7000E-01
+        (L3 )
 
   8 DEFM       4.0000E+00  6.4000E+01  0.0000E+00  0.0000E+00  0.0000E+00  2.3500E+01  0.0000E+00  0.0000E+00 0.0000E+00 0.0000E+00
+        (D4 )
 
                0.0000E+00  9.5000E-02  7.0000E+00  0.0000E+00  0.0000E+00  0.0000E+00  0.0000E+00
 
   9 DRFT       4.7000E-01
+        (L4 )
 
  10 MPLM       6.6000E-01  1.3067E+00  0.0000E+00  0.0000E+00  1.0000E-01  0.0000E+00
+        (Q12)
 
  11 DRFT       2.4000E-01
+        (L5 )
 
  12 MPLM       6.6000E-01 -1.0954E+00  0.0000E+00  0.0000E+00  1.0000E-01  0.0000E+00
+        (Q13)
 
  13 DRFT       2.7000E-01
+        (L6 )
 

   DREP  V = 0   M =  0   C = 0   O = 0

1 *** K1.8 B.S. VI->VO 1.8GeV/c (Design) FF+ Focus with Eff. Len. 091124 ***    


 SYSTEM  EXIT

 NORMAL TRANSFER MATRIX

                  X           A           T           XX          XA          XT          AA          AT          TT          YY 
     X           -0.49980     0.02763     1.61309    -2.13964     2.53582    -7.71389    -0.74723     5.38861     1.55405    -0.59158
     A            3.06277    -2.17011    -0.11893    -2.64579     3.33376    -9.11784    -1.01842     0.97646     1.95511    -0.76788
                  YB          BB          XXX         XXA         XXT         XAA         XAT         XTT         XYY         XYB
     X           -1.05521    -0.53010   174.67772  -331.26904  -209.20566   209.06883   267.70044   112.70946     7.21007   -19.91263
     A           -1.66367    -0.70313   163.08514  -302.21143  -188.13736   194.64624   242.73619   103.93047    20.21249     9.73831
                  XBB         AAA         AAT         ATT         AYY         AYB         ABB         TTT         TYY         TYB
     X           67.59640   -44.34865   -85.47211   -58.75049    -8.45512     4.96739   -46.34303   -18.77221     1.27724    16.91224
     A           76.82797   -38.24067   -78.28932   -51.91071    20.05852    55.30835   -13.72148   -17.92849     0.34324    18.05561
                  TBB
     X          -26.15348
     A          -25.95742
                  Y           B           YX          YA          YT          BX          BA          BT 
     Y           -0.94608     2.58778    15.67196    -9.20657    15.11647    14.79922    -8.55186    19.15917
     B           -0.16745    -0.59896    -2.00010     1.19787    -1.93111    -1.83170     1.03855    -0.89702
1




 ****  ILLEGAL KEY WORD (    )  ****




       CURRENT CONTENTS OF READ-BUFFER ARE ;

       <<<<                                                                                >>>>.




 ****  UNEXPECTED END OF DATA  ****
