1
  *** K1.8 B.S. VI->VO 1.8GeV/c (Design) FF+ Focus with Eff. Len. 091124 ***    




 ****  INPUT DATA  ****


     TYPE NAME    1           2           3           4           5           6           7           8           9          10
 
   0 BEAM       1.0000E+00  3.0000E+00
 
   1 XSET
 
   2 YSET
 
   3 DRFT       2.7200E-01
+        (L1 )
 
   4 MPLM       9.5600E-01  1.6287E+00  0.0000E+00  0.0000E+00  1.0000E-01  0.0000E+00
+        (Q10)
 
   5 DRFT       2.4200E-01
+        (L2 )
 
   6 MPLM       6.6000E-01 -1.2404E+00  0.0000E+00  0.0000E+00  1.0000E-01  0.0000E+00
+        (Q11)
 
   7 DRFT       4.7000E-01
+        (L3 )
 
   8 DEFM       4.0000E+00  6.4000E+01  0.0000E+00  0.0000E+00  0.0000E+00  2.3500E+01  0.0000E+00  0.0000E+00 0.0000E+00 0.0000E+00
+        (D4 )
 
                0.0000E+00  9.5000E-02  7.0000E+00  0.0000E+00  0.0000E+00  0.0000E+00  0.0000E+00
 
   9 DRFT       4.7000E-01
+        (L4 )
 
  10 MPLM       6.6000E-01  1.3119E+00  0.0000E+00  0.0000E+00  1.0000E-01  0.0000E+00
+        (Q12)
 
  11 DRFT       2.4000E-01
+        (L5 )
 
  12 MPLM       6.6000E-01 -1.0997E+00  0.0000E+00  0.0000E+00  1.0000E-01  0.0000E+00
+        (Q13)
 
  13 DRFT       2.7000E-01
+        (L6 )
 

   DREP  V = 0   M =  0   C = 0   O = 0

1 *** K1.8 B.S. VI->VO 1.8GeV/c (Design) FF+ Focus with Eff. Len. 091124 ***    


 SYSTEM  EXIT

 NORMAL TRANSFER MATRIX

                  X           A           T           XX          XA          XT          AA          AT          TT          YY 
     X           -0.47722     0.00165     1.60047    -2.28554     2.52304    -8.03817    -0.69223     5.19186     1.58002    -0.61035
     A            3.19245    -2.10652    -0.12761    -2.82878     3.31901    -9.43305    -0.94356     0.78292     1.97915    -0.80205
                  YB          BB          XXX         XXA         XXT         XAA         XAT         XTT         XYY         XYB
     X           -1.09188    -0.54441   193.82423  -342.30536  -224.72696   201.26395   267.97784   117.02978     6.71619   -15.19735
     A           -1.70935    -0.71880   180.97737  -312.58926  -202.26016   187.64729   243.24406   107.90965    20.27873    14.81965
                  XBB         AAA         AAT         ATT         AYY         AYB         ABB         TTT         TYY         TYB
     X           73.65101   -39.76293   -79.72879   -56.46368    -7.60733     1.85212   -46.66833   -18.91272     1.81774    15.03593
     A           82.54060   -34.06923   -73.12583   -49.84892    21.83949    54.37196   -13.20257   -18.06707     0.98283    16.22149
                  TBB
     X          -27.61446
     A          -27.42479
                  Y           B           YX          YA          YT          BX          BA          BT 
     Y           -0.83069     2.65139    16.42518    -8.97610    15.43695    15.43348    -8.29822    19.38231
     B           -0.18485    -0.61383    -2.12075     1.18000    -1.93617    -1.93391     1.01993    -0.91411
1




 ****  ILLEGAL KEY WORD (    )  ****




       CURRENT CONTENTS OF READ-BUFFER ARE ;

       <<<<                                                                                >>>>.




 ****  UNEXPECTED END OF DATA  ****
