1
  *** K1.8 B.S. VI->VO 1.8GeV/c (Design) FF+ Focus with Eff. Len. 091124 ***    




 ****  INPUT DATA  ****


     TYPE NAME    1           2           3           4           5           6           7           8           9          10
 
   0 BEAM       1.0000E+00  3.0000E+00
 
   1 XSET
 
   2 YSET
 
   3 DRFT       2.7200E-01
+        (L1 )
 
   4 MPLM       9.5600E-01  1.6137E+00  0.0000E+00  0.0000E+00  1.0000E-01  0.0000E+00
+        (Q10)
 
   5 DRFT       2.4200E-01
+        (L2 )
 
   6 MPLM       6.6000E-01 -1.2362E+00  0.0000E+00  0.0000E+00  1.0000E-01  0.0000E+00
+        (Q11)
 
   7 DRFT       4.7000E-01
+        (L3 )
 
   8 DEFM       4.0000E+00  6.4000E+01  0.0000E+00  0.0000E+00  0.0000E+00  2.3500E+01  0.0000E+00  0.0000E+00 0.0000E+00 0.0000E+00
+        (D4 )
 
                0.0000E+00  9.5000E-02  7.0000E+00  0.0000E+00  0.0000E+00  0.0000E+00  0.0000E+00
 
   9 DRFT       4.7000E-01
+        (L4 )
 
  10 MPLM       6.6000E-01  1.2998E+00  0.0000E+00  0.0000E+00  1.0000E-01  0.0000E+00
+        (Q12)
 
  11 DRFT       2.4000E-01
+        (L5 )
 
  12 MPLM       6.6000E-01 -1.0891E+00  0.0000E+00  0.0000E+00  1.0000E-01  0.0000E+00
+        (Q13)
 
  13 DRFT       2.7000E-01
+        (L6 )
 

   DREP  V = 0   M =  0   C = 0   O = 0

1 *** K1.8 B.S. VI->VO 1.8GeV/c (Design) FF+ Focus with Eff. Len. 091124 ***    


 SYSTEM  EXIT

 NORMAL TRANSFER MATRIX

                  X           A           T           XX          XA          XT          AA          AT          TT          YY 
     X           -0.54718     0.04804     1.62952    -2.20929     2.50027    -7.77706    -0.70372     5.27056     1.51984    -0.59545
     A            3.09353    -2.09915    -0.10807    -2.73738     3.29642    -9.17123    -0.96215     0.84308     1.92379    -0.78384
                  YB          BB          XXX         XXA         XXT         XAA         XAT         XTT         XYY         XYB
     X           -1.06030    -0.53336   182.96902  -331.87216  -215.11592   200.22792   263.31366   113.73199     6.22711   -15.73673
     A           -1.67478    -0.70381   170.55135  -302.26511  -193.26205   186.22455   238.57617   104.75592    19.71081    14.06512
                  XBB         AAA         AAT         ATT         AYY         AYB         ABB         TTT         TYY         TYB
     X           71.55270   -40.66736   -80.41254   -56.49045    -8.13023     1.05744   -47.30668   -18.58290     1.77249    14.91037
     A           80.61761   -34.79581   -73.61919   -49.80879    20.92046    52.91774   -14.12171   -17.74022     0.93223    16.10169
                  TBB
     X          -27.34356
     A          -27.14561
                  Y           B           YX          YA          YT          BX          BA          BT 
     Y           -0.83645     2.66186    16.07940    -9.02327    15.23611    15.13629    -8.35616    19.22329
     B           -0.18604    -0.60350    -2.01106     1.14986    -1.84956    -1.83484     0.99249    -0.83133
1




 ****  ILLEGAL KEY WORD (    )  ****




       CURRENT CONTENTS OF READ-BUFFER ARE ;

       <<<<                                                                                >>>>.




 ****  UNEXPECTED END OF DATA  ****
