1
  *** K1.8 B.S. VI->VO 1.8GeV/c (Design) FF+ Focus with Eff. Len. 091124 ***    




 ****  INPUT DATA  ****


     TYPE NAME    1           2           3           4           5           6           7           8           9          10
 
   0 BEAM       1.0000E+00  3.0000E+00
 
   1 XSET
 
   2 YSET
 
   3 DRFT       2.7200E-01
+        (L1 )
 
   4 MPLM       9.5600E-01  1.6114E+00  0.0000E+00  0.0000E+00  1.0000E-01  0.0000E+00
+        (Q10)
 
   5 DRFT       2.4200E-01
+        (L2 )
 
   6 MPLM       6.6000E-01 -1.2272E+00  0.0000E+00  0.0000E+00  1.0000E-01  0.0000E+00
+        (Q11)
 
   7 DRFT       4.7000E-01
+        (L3 )
 
   8 DEFM       4.0000E+00  6.4000E+01  0.0000E+00  0.0000E+00  0.0000E+00  2.3500E+01  0.0000E+00  0.0000E+00 0.0000E+00 0.0000E+00
+        (D4 )
 
                0.0000E+00  9.5000E-02  7.0000E+00  0.0000E+00  0.0000E+00  0.0000E+00  0.0000E+00
 
   9 DRFT       4.7000E-01
+        (L4 )
 
  10 MPLM       6.6000E-01  1.2980E+00  0.0000E+00  0.0000E+00  1.0000E-01  0.0000E+00
+        (Q12)
 
  11 DRFT       2.4000E-01
+        (L5 )
 
  12 MPLM       6.6000E-01 -1.0881E+00  0.0000E+00  0.0000E+00  1.0000E-01  0.0000E+00
+        (Q13)
 
  13 DRFT       2.7000E-01
+        (L6 )
 

   DREP  V = 0   M =  0   C = 0   O = 0

1 *** K1.8 B.S. VI->VO 1.8GeV/c (Design) FF+ Focus with Eff. Len. 091124 ***    


 SYSTEM  EXIT

 NORMAL TRANSFER MATRIX

                  X           A           T           XX          XA          XT          AA          AT          TT          YY 
     X           -0.55742     0.05308     1.63442    -2.19228     2.47743    -7.73118    -0.69630     5.25405     1.51020    -0.58606
     A            3.07391    -2.08667    -0.10435    -2.71706     3.26926    -9.10918    -0.95305     0.83550     1.91465    -0.78257
                  YB          BB          XXX         XXA         XXT         XAA         XAT         XTT         XYY         XYB
     X           -1.04670    -0.53031   180.69928  -327.53687  -213.19019   197.45493   260.74808   113.08470     5.10409   -10.31574
     A           -1.65710    -0.68706   168.40472  -298.20871  -191.50386   183.61505   236.21623   104.14060    18.82130    19.14172
                  XBB         AAA         AAT         ATT         AYY         AYB         ABB         TTT         TYY         TYB
     X           78.01356   -40.08701   -79.56414   -56.12725    -7.51267    -2.31140   -51.21331   -18.53520     2.15190    12.39837
     A           86.52976   -34.26532   -72.83291   -49.48590    21.03609    49.18087   -17.92677   -17.69518     1.45169    13.67724
                  TBB
     X          -30.33229
     A          -30.20011
                  Y           B           YX          YA          YT          BX          BA          BT 
     Y           -0.69394     2.81204    15.93841    -8.92745    15.00554    15.00080    -8.26340    19.03735
     B           -0.20258    -0.62014    -1.98714     1.13271    -1.75526    -1.81185     0.97568    -0.73945
1




 ****  ILLEGAL KEY WORD (    )  ****




       CURRENT CONTENTS OF READ-BUFFER ARE ;

       <<<<                                                                                >>>>.




 ****  UNEXPECTED END OF DATA  ****
