1
  *** K1.8 B.S. VI->VO 1.8GeV/c (Design) FF+ Focus with Eff. Len. 091124 ***    




 ****  INPUT DATA  ****


     TYPE NAME    1           2           3           4           5           6           7           8           9          10
 
   0 BEAM       1.0000E+00  3.0000E+00
 
   1 XSET
 
   2 YSET
 
   3 DRFT       2.7200E-01
+        (L1 )
 
   4 MPLM       9.5600E-01  1.6122E+00  0.0000E+00  0.0000E+00  1.0000E-01  0.0000E+00
+        (Q10)
 
   5 DRFT       2.4200E-01
+        (L2 )
 
   6 MPLM       6.6000E-01 -1.2350E+00  0.0000E+00  0.0000E+00  1.0000E-01  0.0000E+00
+        (Q11)
 
   7 DRFT       4.7000E-01
+        (L3 )
 
   8 DEFM       4.0000E+00  6.4000E+01  0.0000E+00  0.0000E+00  0.0000E+00  2.3500E+01  0.0000E+00  0.0000E+00 0.0000E+00 0.0000E+00
+        (D4 )
 
                0.0000E+00  9.5000E-02  7.0000E+00  0.0000E+00  0.0000E+00  0.0000E+00  0.0000E+00
 
   9 DRFT       4.7000E-01
+        (L4 )
 
  10 MPLM       6.6000E-01  1.2986E+00  0.0000E+00  0.0000E+00  1.0000E-01  0.0000E+00
+        (Q12)
 
  11 DRFT       2.4000E-01
+        (L5 )
 
  12 MPLM       6.6000E-01 -1.0881E+00  0.0000E+00  0.0000E+00  1.0000E-01  0.0000E+00
+        (Q13)
 
  13 DRFT       2.7000E-01
+        (L6 )
 

   DREP  V = 0   M =  0   C = 0   O = 0

1 *** K1.8 B.S. VI->VO 1.8GeV/c (Design) FF+ Focus with Eff. Len. 091124 ***    


 SYSTEM  EXIT

 NORMAL TRANSFER MATRIX

                  X           A           T           XX          XA          XT          AA          AT          TT          YY 
     X           -0.55404     0.05256     1.63247    -2.20123     2.49625    -7.75049    -0.70407     5.27587     1.51379    -0.59334
     A            3.08330    -2.09740    -0.10606    -2.72772     3.29203    -9.14322    -0.96298     0.84756     1.91822    -0.78218
                  YB          BB          XXX         XXA         XXT         XAA         XAT         XTT         XYY         XYB
     X           -1.05637    -0.53213   181.84720  -330.58881  -214.12430   199.88995   262.68152   113.39082     6.07466   -15.33443
     A           -1.67030    -0.70108   169.47839  -301.01807  -192.33887   185.86812   237.96297   104.43031    19.57310    14.42120
                  XBB         AAA         AAT         ATT         AYY         AYB         ABB         TTT         TYY         TYB
     X           71.92239   -40.69531   -80.39706   -56.46040    -8.11294     0.71065   -47.69534   -18.55016     1.80697    14.69135
     A           80.95550   -34.81248   -73.59263   -49.77650    20.85833    52.47921   -14.52691   -17.70800     0.97886    15.89163
                  TBB
     X          -27.57498
     A          -27.38145
                  Y           B           YX          YA          YT          BX          BA          BT 
     Y           -0.82452     2.67588    16.03708    -9.01893    15.19856    15.09864    -8.35305    19.19326
     B           -0.18759    -0.60404    -1.99954     1.14570    -1.83386    -1.82431     0.98859    -0.81615
1




 ****  ILLEGAL KEY WORD (    )  ****




       CURRENT CONTENTS OF READ-BUFFER ARE ;

       <<<<                                                                                >>>>.




 ****  UNEXPECTED END OF DATA  ****
